// Jest Snapshot v1, https://goo.gl/fbAQLP

exports[`Add item Flow Snapshot of AddItem component 1`] = `
<Grid>
  <Loading
    isLoading={false}
  />
  <GridRow
    centered={true}
  >
    <GridColumn
      width="8"
    >
      <h2
        data-test="page-heading"
      >
        Add
         
        Item
      </h2>
      <Formik
        enableReinitialize={true}
        initialValues={
          Object {
            "amount": "",
            "category": "",
            "description": "",
            "isActive": "",
            "itemName": "",
          }
        }
        onSubmit={[Function]}
        validationSchema={
          ObjectSchema {
            "_blacklist": RefSet {
              "list": Set {},
              "refs": Map {},
            },
            "_conditions": Array [],
            "_defaultDefault": [Function],
            "_deps": Array [],
            "_excludedEdges": Array [],
            "_exclusive": Object {},
            "_mutate": undefined,
            "_nodes": Array [
              "isActive",
              "amount",
              "category",
              "description",
              "itemName",
            ],
            "_options": Object {
              "abortEarly": true,
              "recursive": true,
            },
            "_type": "object",
            "_typeError": [Function],
            "_whitelist": RefSet {
              "list": Set {},
              "refs": Map {},
            },
            "fields": Object {
              "amount": NumberSchema {
                "_blacklist": RefSet {
                  "list": Set {},
                  "refs": Map {},
                },
                "_conditions": Array [],
                "_deps": Array [],
                "_exclusive": Object {
                  "required": true,
                },
                "_mutate": undefined,
                "_options": Object {
                  "abortEarly": true,
                  "recursive": true,
                },
                "_type": "number",
                "_typeError": [Function],
                "_whitelist": RefSet {
                  "list": Set {},
                  "refs": Map {},
                },
                "tests": Array [
                  [Function],
                ],
                "transforms": Array [
                  [Function],
                ],
              },
              "category": StringSchema {
                "_blacklist": RefSet {
                  "list": Set {},
                  "refs": Map {},
                },
                "_conditions": Array [],
                "_deps": Array [],
                "_exclusive": Object {
                  "required": true,
                },
                "_mutate": undefined,
                "_options": Object {
                  "abortEarly": true,
                  "recursive": true,
                },
                "_type": "string",
                "_typeError": [Function],
                "_whitelist": RefSet {
                  "list": Set {},
                  "refs": Map {},
                },
                "tests": Array [
                  [Function],
                ],
                "transforms": Array [
                  [Function],
                ],
              },
              "description": StringSchema {
                "_blacklist": RefSet {
                  "list": Set {},
                  "refs": Map {},
                },
                "_conditions": Array [],
                "_deps": Array [],
                "_exclusive": Object {
                  "max": true,
                  "required": true,
                },
                "_mutate": undefined,
                "_options": Object {
                  "abortEarly": true,
                  "recursive": true,
                },
                "_type": "string",
                "_typeError": [Function],
                "_whitelist": RefSet {
                  "list": Set {},
                  "refs": Map {},
                },
                "tests": Array [
                  [Function],
                  [Function],
                ],
                "transforms": Array [
                  [Function],
                ],
              },
              "isActive": StringSchema {
                "_blacklist": RefSet {
                  "list": Set {},
                  "refs": Map {},
                },
                "_conditions": Array [],
                "_deps": Array [],
                "_exclusive": Object {
                  "required": true,
                },
                "_mutate": undefined,
                "_options": Object {
                  "abortEarly": true,
                  "recursive": true,
                },
                "_type": "string",
                "_typeError": [Function],
                "_whitelist": RefSet {
                  "list": Set {},
                  "refs": Map {},
                },
                "tests": Array [
                  [Function],
                ],
                "transforms": Array [
                  [Function],
                ],
              },
              "itemName": StringSchema {
                "_blacklist": RefSet {
                  "list": Set {},
                  "refs": Map {},
                },
                "_conditions": Array [],
                "_deps": Array [],
                "_exclusive": Object {
                  "max": true,
                  "required": true,
                },
                "_mutate": undefined,
                "_options": Object {
                  "abortEarly": true,
                  "recursive": true,
                },
                "_type": "string",
                "_typeError": [Function],
                "_whitelist": RefSet {
                  "list": Set {},
                  "refs": Map {},
                },
                "tests": Array [
                  [Function],
                  [Function],
                ],
                "transforms": Array [
                  [Function],
                ],
              },
            },
            "tests": Array [],
            "transforms": Array [
              [Function],
            ],
          }
        }
      >
        <Component />
      </Formik>
    </GridColumn>
  </GridRow>
</Grid>
`;
